// Jest Snapshot v1, https://goo.gl/fbAQLP

exports[`test Content should render correctly 1`] = `
<div>
  <div
    class="wrapper"
  >
    <form
      class="ant-form ant-form-horizontal css-dev-only-do-not-override-hash"
    >
      <div
        class="ant-form-item css-dev-only-do-not-override-hash"
      >
        <div
          class="ant-row ant-form-item-row css-dev-only-do-not-override-hash"
        >
          <div
            class="ant-col ant-form-item-label css-dev-only-do-not-override-hash"
          >
            <label
              class=""
              title="Invert"
            >
              Invert
              <span
                aria-label="question-circle"
                class="anticon anticon-question-circle ant-form-item-tooltip"
                role="img"
                title=""
              >
                <svg
                  aria-hidden="true"
                  data-icon="question-circle"
                  fill="currentColor"
                  focusable="false"
                  height="1em"
                  viewBox="64 64 896 896"
                  width="1em"
                >
                  <path
                    d="M512 64C264.6 64 64 264.6 64 512s200.6 448 448 448 448-200.6 448-448S759.4 64 512 64zm0 820c-205.4 0-372-166.6-372-372s166.6-372 372-372 372 166.6 372 372-166.6 372-372 372z"
                  />
                  <path
                    d="M623.6 316.7C593.6 290.4 554 276 512 276s-81.6 14.5-111.6 40.7C369.2 344 352 380.7 352 420v7.6c0 4.4 3.6 8 8 8h48c4.4 0 8-3.6 8-8V420c0-44.1 43.1-80 96-80s96 35.9 96 80c0 31.1-22 59.6-56.1 72.7-21.2 8.1-39.2 22.3-52.1 40.9-13.1 19-19.9 41.8-19.9 64.9V620c0 4.4 3.6 8 8 8h48c4.4 0 8-3.6 8-8v-22.7a48.3 48.3 0 0130.9-44.8c59-22.7 97.1-74.7 97.1-132.5.1-39.3-17.1-76-48.3-103.3zM472 732a40 40 0 1080 0 40 40 0 10-80 0z"
                  />
                </svg>
              </span>
            </label>
          </div>
          <div
            class="ant-col ant-form-item-control css-dev-only-do-not-override-hash"
          >
            <div
              class="ant-form-item-control-input"
            >
              <div
                class="ant-form-item-control-input-content"
              >
                <button
                  aria-checked="false"
                  class="ant-switch css-dev-only-do-not-override-hash"
                  role="switch"
                  type="button"
                >
                  <div
                    class="ant-switch-handle"
                  />
                  <span
                    class="ant-switch-inner"
                  >
                    <span
                      class="ant-switch-inner-checked"
                    />
                    <span
                      class="ant-switch-inner-unchecked"
                    />
                  </span>
                </button>
              </div>
            </div>
          </div>
        </div>
      </div>
      <div
        class="ant-form-item css-dev-only-do-not-override-hash"
      >
        <div
          class="ant-row ant-form-item-row css-dev-only-do-not-override-hash"
        >
          <div
            class="ant-col ant-form-item-label css-dev-only-do-not-override-hash"
          >
            <label
              class=""
              title="Horizontal Flip"
            >
              Horizontal Flip
              <span
                aria-label="question-circle"
                class="anticon anticon-question-circle ant-form-item-tooltip"
                role="img"
                title=""
              >
                <svg
                  aria-hidden="true"
                  data-icon="question-circle"
                  fill="currentColor"
                  focusable="false"
                  height="1em"
                  viewBox="64 64 896 896"
                  width="1em"
                >
                  <path
                    d="M512 64C264.6 64 64 264.6 64 512s200.6 448 448 448 448-200.6 448-448S759.4 64 512 64zm0 820c-205.4 0-372-166.6-372-372s166.6-372 372-372 372 166.6 372 372-166.6 372-372 372z"
                  />
                  <path
                    d="M623.6 316.7C593.6 290.4 554 276 512 276s-81.6 14.5-111.6 40.7C369.2 344 352 380.7 352 420v7.6c0 4.4 3.6 8 8 8h48c4.4 0 8-3.6 8-8V420c0-44.1 43.1-80 96-80s96 35.9 96 80c0 31.1-22 59.6-56.1 72.7-21.2 8.1-39.2 22.3-52.1 40.9-13.1 19-19.9 41.8-19.9 64.9V620c0 4.4 3.6 8 8 8h48c4.4 0 8-3.6 8-8v-22.7a48.3 48.3 0 0130.9-44.8c59-22.7 97.1-74.7 97.1-132.5.1-39.3-17.1-76-48.3-103.3zM472 732a40 40 0 1080 0 40 40 0 10-80 0z"
                  />
                </svg>
              </span>
            </label>
          </div>
          <div
            class="ant-col ant-form-item-control css-dev-only-do-not-override-hash"
          >
            <div
              class="ant-form-item-control-input"
            >
              <div
                class="ant-form-item-control-input-content"
              >
                <button
                  aria-checked="false"
                  class="ant-switch css-dev-only-do-not-override-hash"
                  role="switch"
                  type="button"
                >
                  <div
                    class="ant-switch-handle"
                  />
                  <span
                    class="ant-switch-inner"
                  >
                    <span
                      class="ant-switch-inner-checked"
                    />
                    <span
                      class="ant-switch-inner-unchecked"
                    />
                  </span>
                </button>
              </div>
            </div>
          </div>
        </div>
      </div>
      <div
        class="ant-form-item css-dev-only-do-not-override-hash ant-form-item-vertical"
      >
        <div
          class="ant-row ant-form-item-row css-dev-only-do-not-override-hash"
        >
          <div
            class="ant-col ant-form-item-label css-dev-only-do-not-override-hash"
          >
            <label
              class=""
              title="Bevel Radius"
            >
              Bevel Radius
            </label>
          </div>
          <div
            class="ant-col ant-form-item-control css-dev-only-do-not-override-hash"
          >
            <div
              class="ant-form-item-control-input"
            >
              <div
                class="ant-form-item-control-input-content"
              >
                <div
                  class="ant-flex css-dev-only-do-not-override-hash ant-flex-justify-space-between"
                >
                  <input
                    data-addon="mm"
                    data-testid="unit-input"
                    max="10"
                    min="0"
                    step="0.1"
                    type="number"
                    value="0"
                  />
                </div>
              </div>
            </div>
          </div>
        </div>
      </div>
    </form>
  </div>
</div>
`;
