// Jest Snapshot v1, https://goo.gl/fbAQLP

exports[`test FluxPlusModal mobile 1`] = `
<body>
  <div />
  <div>
    <div
      class="ant-modal-root css-dev-only-do-not-override-hash"
    >
      <div
        class="ant-modal-mask"
      />
      <div
        class="ant-modal-wrap ant-modal-centered"
        tabindex="-1"
      >
        <div
          aria-modal="true"
          class="ant-modal css-dev-only-do-not-override-hash flux-plus mock-class ant-zoom-appear ant-zoom-appear-prepare ant-zoom"
          role="dialog"
          style="width: 320px;"
        >
          <div
            style="outline: none;"
            tabindex="0"
          >
            <div
              class="ant-modal-content"
            >
              <button
                aria-label="Close"
                class="ant-modal-close"
                type="button"
              >
                <span
                  class="ant-modal-close-x"
                >
                  <span
                    aria-label="close"
                    class="anticon anticon-close ant-modal-close-icon"
                    role="img"
                  >
                    <svg
                      aria-hidden="true"
                      data-icon="close"
                      fill="currentColor"
                      fill-rule="evenodd"
                      focusable="false"
                      height="1em"
                      viewBox="64 64 896 896"
                      width="1em"
                    >
                      <path
                        d="M799.86 166.31c.02 0 .04.02.08.06l57.69 57.7c.04.03.05.05.06.08a.12.12 0 010 .06c0 .03-.02.05-.06.09L569.93 512l287.7 287.7c.04.04.05.06.06.09a.12.12 0 010 .07c0 .02-.02.04-.06.08l-57.7 57.69c-.03.04-.05.05-.07.06a.12.12 0 01-.07 0c-.03 0-.05-.02-.09-.06L512 569.93l-287.7 287.7c-.04.04-.06.05-.09.06a.12.12 0 01-.07 0c-.02 0-.04-.02-.08-.06l-57.69-57.7c-.04-.03-.05-.05-.06-.07a.12.12 0 010-.07c0-.03.02-.05.06-.09L454.07 512l-287.7-287.7c-.04-.04-.05-.06-.06-.09a.12.12 0 010-.07c0-.02.02-.04.06-.08l57.7-57.69c.03-.04.05-.05.07-.06a.12.12 0 01.07 0c.03 0 .05.02.09.06L512 454.07l287.7-287.7c.04-.04.06-.05.09-.06a.12.12 0 01.07 0z"
                      />
                    </svg>
                  </span>
                </span>
              </button>
              <div
                class="ant-modal-body"
              >
                <div
                  class="body"
                >
                  <div
                    class="banner"
                  >
                    <div
                      class="img-container"
                    >
                      <img
                        alt="Learn More"
                        src="core-img/flux-plus/explore-flux-plus-mobile.jpg"
                      />
                    </div>
                    <button
                      class="ant-btn css-dev-only-do-not-override-hash ant-btn-round ant-btn-default ant-btn-color-default ant-btn-variant-outlined ant-btn-background-ghost ant-btn-block button"
                      type="button"
                    >
                      <span>
                        Learn More
                      </span>
                    </button>
                  </div>
                  <div
                    class="content"
                  >
                    <div>
                      mock-children
                    </div>
                  </div>
                </div>
              </div>
            </div>
          </div>
          <div
            style="width: 0px; height: 0px; overflow: hidden; outline: none;"
            tabindex="0"
          />
        </div>
      </div>
    </div>
  </div>
</body>
`;

exports[`test FluxPlusModal should render correctly 1`] = `
<body>
  <div />
  <div>
    <div
      class="ant-modal-root css-dev-only-do-not-override-hash"
    >
      <div
        class="ant-modal-mask"
      />
      <div
        class="ant-modal-wrap ant-modal-centered"
        tabindex="-1"
      >
        <div
          aria-modal="true"
          class="ant-modal css-dev-only-do-not-override-hash flux-plus mock-class ant-zoom-appear ant-zoom-appear-prepare ant-zoom"
          role="dialog"
          style="width: 726px;"
        >
          <div
            style="outline: none;"
            tabindex="0"
          >
            <div
              class="ant-modal-content"
            >
              <button
                aria-label="Close"
                class="ant-modal-close"
                type="button"
              >
                <span
                  class="ant-modal-close-x"
                >
                  <span
                    aria-label="close"
                    class="anticon anticon-close ant-modal-close-icon"
                    role="img"
                  >
                    <svg
                      aria-hidden="true"
                      data-icon="close"
                      fill="currentColor"
                      fill-rule="evenodd"
                      focusable="false"
                      height="1em"
                      viewBox="64 64 896 896"
                      width="1em"
                    >
                      <path
                        d="M799.86 166.31c.02 0 .04.02.08.06l57.69 57.7c.04.03.05.05.06.08a.12.12 0 010 .06c0 .03-.02.05-.06.09L569.93 512l287.7 287.7c.04.04.05.06.06.09a.12.12 0 010 .07c0 .02-.02.04-.06.08l-57.7 57.69c-.03.04-.05.05-.07.06a.12.12 0 01-.07 0c-.03 0-.05-.02-.09-.06L512 569.93l-287.7 287.7c-.04.04-.06.05-.09.06a.12.12 0 01-.07 0c-.02 0-.04-.02-.08-.06l-57.69-57.7c-.04-.03-.05-.05-.06-.07a.12.12 0 010-.07c0-.03.02-.05.06-.09L454.07 512l-287.7-287.7c-.04-.04-.05-.06-.06-.09a.12.12 0 010-.07c0-.02.02-.04.06-.08l57.7-57.69c.03-.04.05-.05.07-.06a.12.12 0 01.07 0c.03 0 .05.02.09.06L512 454.07l287.7-287.7c.04-.04.06-.05.09-.06a.12.12 0 01.07 0z"
                      />
                    </svg>
                  </span>
                </span>
              </button>
              <div
                class="ant-modal-body"
              >
                <div
                  class="body"
                >
                  <div
                    class="banner"
                  >
                    <svgr-url
                      classname="icon"
                    />
                    <div
                      class="features"
                    >
                      <div
                        class="feature"
                      >
                        <svgr-url />
                         
                        AI Background Removal
                      </div>
                      <div
                        class="feature"
                      >
                        <svgr-url />
                         
                        Unlimited Cloud Storage
                      </div>
                      <div
                        class="feature"
                      >
                        <svgr-url />
                         
                        3D Box Generator
                      </div>
                      <div
                        class="feature"
                      >
                        <svgr-url />
                         
                        1000+ Design Files
                      </div>
                      <div
                        class="feature"
                      >
                        <svgr-url />
                         
                        250+ Premium Fonts
                      </div>
                    </div>
                    <div
                      class="img-container"
                    >
                      <img
                        alt="Learn More"
                        src="core-img/flux-plus/explore-flux-plus.jpg"
                      />
                    </div>
                    <button
                      class="ant-btn css-dev-only-do-not-override-hash ant-btn-round ant-btn-default ant-btn-color-default ant-btn-variant-outlined ant-btn-background-ghost ant-btn-block button"
                      type="button"
                    >
                      <span>
                        Learn More
                      </span>
                    </button>
                  </div>
                  <div
                    class="content"
                  >
                    <div>
                      mock-children
                    </div>
                  </div>
                </div>
              </div>
            </div>
          </div>
          <div
            style="width: 0px; height: 0px; overflow: hidden; outline: none;"
            tabindex="0"
          />
        </div>
      </div>
    </div>
  </div>
</body>
`;
