// Jest Snapshot v1, https://goo.gl/fbAQLP

exports[`test DocumentButton should render correctly 1`] = `
<div>
  <div
    class="button"
    title="document_setting"
  >
    <svgr-url />
  </div>
</div>
`;
