// Jest Snapshot v1, https://goo.gl/fbAQLP

exports[`should render correctly invalid ip address is given 1`] = `
<div>
  <div
    class="subtitle"
  >
    Connection
    <span
      class="info-icon-medium"
    >
      <img
        src="img/info.svg"
      />
    </span>
  </div>
  <mock-control
    label="Machine IP Address"
  >
    <input
      autocomplete="false"
      id="ip-input"
      type="text"
      value="192.168.2.2"
    />
  </mock-control>
  <div>
    mock-select-control id:
    set-guessing-poke
    label:
    Search for machine IP address
    options:
    [{"value":"TRUE","label":"On","selected":true},{"value":"FALSE","label":"Off","selected":false}]
    <input
      class="select-control"
    />
  </div>
  <div>
    mock-select-control id:
    set-auto-connect
    label:
    Automatically select the only machine
    options:
    [{"value":"TRUE","label":"On","selected":false},{"value":"FALSE","label":"Off","selected":true}]
    <input
      class="select-control"
    />
  </div>
</div>
`;
