// Jest Snapshot v1, https://goo.gl/fbAQLP

exports[`should render correctly 1`] = `
<div>
  <div
    class="subtitle"
  >
    Privacy
  </div>
  <div>
    mock-select-control id:
    set-sentry
    label:
    Share Beam Studio Analytics
    options:
    [{"value":"TRUE","label":"On","selected":true},{"value":"FALSE","label":"Off","selected":false}]
    <input
      class="select-control"
    />
  </div>
</div>
`;
