// Jest Snapshot v1, https://goo.gl/fbAQLP

exports[`test GridNew should render correctly 1`] = `
<div>
  <div
    class="text-container"
  >
    <div
      class="text-content button"
    >
      <span
        aria-label="plus"
        class="anticon anticon-plus icon"
        role="img"
      >
        <svg
          aria-hidden="true"
          data-icon="plus"
          fill="currentColor"
          focusable="false"
          height="1em"
          viewBox="64 64 896 896"
          width="1em"
        >
          <path
            d="M482 152h60q8 0 8 8v704q0 8-8 8h-60q-8 0-8-8V160q0-8 8-8z"
          />
          <path
            d="M192 474h672q8 0 8 8v60q0 8-8 8H160q-8 0-8-8v-60q0-8 8-8z"
          />
        </svg>
      </span>
      <div
        class="text"
      >
        New Project
      </div>
    </div>
  </div>
</div>
`;
