// Jest Snapshot v1, https://goo.gl/fbAQLP

exports[`test ConnectionTest should render correctly 1`] = `
<body>
  <div />
  <div>
    <div
      class="ant-modal-root css-dev-only-do-not-override-hash"
    >
      <div
        class="ant-modal-mask"
      />
      <div
        class="ant-modal-wrap ant-modal-centered"
        tabindex="-1"
      >
        <div
          aria-labelledby="test-id"
          aria-modal="true"
          class="ant-modal css-dev-only-do-not-override-hash ant-zoom-appear ant-zoom-appear-prepare ant-zoom"
          role="dialog"
          style="width: 520px;"
        >
          <div
            style="outline: none;"
            tabindex="0"
          >
            <div
              class="ant-modal-content"
            >
              <button
                aria-label="Close"
                class="ant-modal-close"
                type="button"
              >
                <span
                  class="ant-modal-close-x"
                >
                  <span
                    aria-label="close"
                    class="anticon anticon-close ant-modal-close-icon"
                    role="img"
                  >
                    <svg
                      aria-hidden="true"
                      data-icon="close"
                      fill="currentColor"
                      fill-rule="evenodd"
                      focusable="false"
                      height="1em"
                      viewBox="64 64 896 896"
                      width="1em"
                    >
                      <path
                        d="M799.86 166.31c.02 0 .04.02.08.06l57.69 57.7c.04.03.05.05.06.08a.12.12 0 010 .06c0 .03-.02.05-.06.09L569.93 512l287.7 287.7c.04.04.05.06.06.09a.12.12 0 010 .07c0 .02-.02.04-.06.08l-57.7 57.69c-.03.04-.05.05-.07.06a.12.12 0 01-.07 0c-.03 0-.05-.02-.09-.06L512 569.93l-287.7 287.7c-.04.04-.06.05-.09.06a.12.12 0 01-.07 0c-.02 0-.04-.02-.08-.06l-57.69-57.7c-.04-.03-.05-.05-.06-.07a.12.12 0 010-.07c0-.03.02-.05.06-.09L454.07 512l-287.7-287.7c-.04-.04-.05-.06-.06-.09a.12.12 0 010-.07c0-.02.02-.04.06-.08l57.7-57.69c.03-.04.05-.05.07-.06a.12.12 0 01.07 0c.03 0 .05.02.09.06L512 454.07l287.7-287.7c.04-.04.06-.05.09-.06a.12.12 0 01.07 0z"
                      />
                    </svg>
                  </span>
                </span>
              </button>
              <div
                class="ant-modal-header"
              >
                <div
                  class="ant-modal-title"
                  id="test-id"
                >
                  Connection Stability Test
                </div>
              </div>
              <div
                class="ant-modal-body"
              >
                <div
                  class="container"
                >
                  <div>
                    The system will run a red light operation for about two minutes to check if the connection is stable.
                  </div>
                  <div
                    aria-valuemax="100"
                    aria-valuemin="0"
                    aria-valuenow="0"
                    class="ant-progress ant-progress-status-normal ant-progress-line ant-progress-line-align-end ant-progress-line-position-outer ant-progress-show-info ant-progress-default progress css-dev-only-do-not-override-hash"
                    role="progressbar"
                  >
                    <div
                      class="ant-progress-outer"
                      style="width: 100%;"
                    >
                      <div
                        class="ant-progress-inner"
                      >
                        <div
                          class="ant-progress-bg ant-progress-bg-outer"
                          style="width: 0%; height: 8px; --progress-percent: 0;"
                        />
                      </div>
                      <span
                        class="ant-progress-text ant-progress-text-end ant-progress-text-outer"
                        title="0%"
                      >
                        0%
                      </span>
                    </div>
                  </div>
                </div>
                <div
                  class="footer"
                >
                  <button
                    class="ant-btn css-dev-only-do-not-override-hash ant-btn-default ant-btn-color-default ant-btn-variant-outlined"
                    type="button"
                  >
                    <span>
                      Cancel
                    </span>
                  </button>
                  <button
                    class="ant-btn css-dev-only-do-not-override-hash ant-btn-primary ant-btn-color-primary ant-btn-variant-solid"
                    type="button"
                  >
                    <span>
                      Start Test
                    </span>
                  </button>
                </div>
              </div>
            </div>
          </div>
          <div
            style="width: 0px; height: 0px; overflow: hidden; outline: none;"
            tabindex="0"
          />
        </div>
      </div>
    </div>
  </div>
</body>
`;

exports[`test ConnectionTest should render correctly 2`] = `
<body>
  <div />
  <div>
    <div
      class="ant-modal-root css-dev-only-do-not-override-hash"
    >
      <div
        class="ant-modal-mask"
      />
      <div
        class="ant-modal-wrap ant-modal-centered"
        tabindex="-1"
      >
        <div
          aria-labelledby="test-id"
          aria-modal="true"
          class="ant-modal css-dev-only-do-not-override-hash"
          role="dialog"
          style="width: 520px;"
        >
          <div
            style="outline: none;"
            tabindex="0"
          >
            <div
              class="ant-modal-content"
            >
              <button
                aria-label="Close"
                class="ant-modal-close"
                type="button"
              >
                <span
                  class="ant-modal-close-x"
                >
                  <span
                    aria-label="close"
                    class="anticon anticon-close ant-modal-close-icon"
                    role="img"
                  >
                    <svg
                      aria-hidden="true"
                      data-icon="close"
                      fill="currentColor"
                      fill-rule="evenodd"
                      focusable="false"
                      height="1em"
                      viewBox="64 64 896 896"
                      width="1em"
                    >
                      <path
                        d="M799.86 166.31c.02 0 .04.02.08.06l57.69 57.7c.04.03.05.05.06.08a.12.12 0 010 .06c0 .03-.02.05-.06.09L569.93 512l287.7 287.7c.04.04.05.06.06.09a.12.12 0 010 .07c0 .02-.02.04-.06.08l-57.7 57.69c-.03.04-.05.05-.07.06a.12.12 0 01-.07 0c-.03 0-.05-.02-.09-.06L512 569.93l-287.7 287.7c-.04.04-.06.05-.09.06a.12.12 0 01-.07 0c-.02 0-.04-.02-.08-.06l-57.69-57.7c-.04-.03-.05-.05-.06-.07a.12.12 0 010-.07c0-.03.02-.05.06-.09L454.07 512l-287.7-287.7c-.04-.04-.05-.06-.06-.09a.12.12 0 010-.07c0-.02.02-.04.06-.08l57.7-57.69c.03-.04.05-.05.07-.06a.12.12 0 01.07 0c.03 0 .05.02.09.06L512 454.07l287.7-287.7c.04-.04.06-.05.09-.06a.12.12 0 01.07 0z"
                      />
                    </svg>
                  </span>
                </span>
              </button>
              <div
                class="ant-modal-header"
              >
                <div
                  class="ant-modal-title"
                  id="test-id"
                >
                  Connection Stability Test
                </div>
              </div>
              <div
                class="ant-modal-body"
              >
                <div
                  class="container"
                >
                  <div>
                    The system will run a red light operation for about two minutes to check if the connection is stable.
                  </div>
                  <div
                    aria-valuemax="100"
                    aria-valuemin="0"
                    aria-valuenow="100"
                    class="ant-progress ant-progress-status-success ant-progress-line ant-progress-line-align-end ant-progress-line-position-outer ant-progress-show-info ant-progress-default progress css-dev-only-do-not-override-hash"
                    role="progressbar"
                  >
                    <div
                      class="ant-progress-outer"
                      style="width: 100%;"
                    >
                      <div
                        class="ant-progress-inner"
                      >
                        <div
                          class="ant-progress-bg ant-progress-bg-outer"
                          style="width: 100%; height: 8px; --progress-percent: 1;"
                        />
                      </div>
                      <span
                        class="ant-progress-text ant-progress-text-end ant-progress-text-outer"
                      >
                        <span
                          aria-label="check-circle"
                          class="anticon anticon-check-circle"
                          role="img"
                        >
                          <svg
                            aria-hidden="true"
                            data-icon="check-circle"
                            fill="currentColor"
                            focusable="false"
                            height="1em"
                            viewBox="64 64 896 896"
                            width="1em"
                          >
                            <path
                              d="M512 64C264.6 64 64 264.6 64 512s200.6 448 448 448 448-200.6 448-448S759.4 64 512 64zm193.5 301.7l-210.6 292a31.8 31.8 0 01-51.7 0L318.5 484.9c-3.8-5.3 0-12.7 6.5-12.7h46.9c10.2 0 19.9 4.9 25.9 13.3l71.2 98.8 157.2-218c6-8.3 15.6-13.3 25.9-13.3H699c6.5 0 10.3 7.4 6.5 12.7z"
                            />
                          </svg>
                        </span>
                      </span>
                    </div>
                  </div>
                  <div>
                    <span
                      class="label"
                    >
                      Stability:
                    </span>
                    <span
                      class="good"
                    >
                       
                      Excellent
                    </span>
                    <div>
                      Stability is good, but avoid moving the computer significantly during engraving.
                    </div>
                  </div>
                </div>
                <div
                  class="footer"
                >
                  <button
                    class="ant-btn css-dev-only-do-not-override-hash ant-btn-default ant-btn-color-default ant-btn-variant-outlined"
                    type="button"
                  >
                    <span>
                      Cancel
                    </span>
                  </button>
                  <button
                    class="ant-btn css-dev-only-do-not-override-hash ant-btn-primary ant-btn-color-primary ant-btn-variant-solid"
                    type="button"
                  >
                    <span>
                      Restart Test
                    </span>
                  </button>
                </div>
              </div>
            </div>
          </div>
          <div
            style="width: 0px; height: 0px; overflow: hidden; outline: none;"
            tabindex="0"
          />
        </div>
      </div>
    </div>
  </div>
</body>
`;

exports[`test ConnectionTest should render correctly 3`] = `
<body>
  <div />
  <div>
    <div
      class="ant-modal-root css-dev-only-do-not-override-hash"
    >
      <div
        class="ant-modal-mask"
      />
      <div
        class="ant-modal-wrap ant-modal-centered"
        tabindex="-1"
      >
        <div
          aria-labelledby="test-id"
          aria-modal="true"
          class="ant-modal css-dev-only-do-not-override-hash"
          role="dialog"
          style="width: 520px;"
        >
          <div
            style="outline: none;"
            tabindex="0"
          >
            <div
              class="ant-modal-content"
            >
              <button
                aria-label="Close"
                class="ant-modal-close"
                type="button"
              >
                <span
                  class="ant-modal-close-x"
                >
                  <span
                    aria-label="close"
                    class="anticon anticon-close ant-modal-close-icon"
                    role="img"
                  >
                    <svg
                      aria-hidden="true"
                      data-icon="close"
                      fill="currentColor"
                      fill-rule="evenodd"
                      focusable="false"
                      height="1em"
                      viewBox="64 64 896 896"
                      width="1em"
                    >
                      <path
                        d="M799.86 166.31c.02 0 .04.02.08.06l57.69 57.7c.04.03.05.05.06.08a.12.12 0 010 .06c0 .03-.02.05-.06.09L569.93 512l287.7 287.7c.04.04.05.06.06.09a.12.12 0 010 .07c0 .02-.02.04-.06.08l-57.7 57.69c-.03.04-.05.05-.07.06a.12.12 0 01-.07 0c-.03 0-.05-.02-.09-.06L512 569.93l-287.7 287.7c-.04.04-.06.05-.09.06a.12.12 0 01-.07 0c-.02 0-.04-.02-.08-.06l-57.69-57.7c-.04-.03-.05-.05-.06-.07a.12.12 0 010-.07c0-.03.02-.05.06-.09L454.07 512l-287.7-287.7c-.04-.04-.05-.06-.06-.09a.12.12 0 010-.07c0-.02.02-.04.06-.08l57.7-57.69c.03-.04.05-.05.07-.06a.12.12 0 01.07 0c.03 0 .05.02.09.06L512 454.07l287.7-287.7c.04-.04.06-.05.09-.06a.12.12 0 01.07 0z"
                      />
                    </svg>
                  </span>
                </span>
              </button>
              <div
                class="ant-modal-header"
              >
                <div
                  class="ant-modal-title"
                  id="test-id"
                >
                  Connection Stability Test
                </div>
              </div>
              <div
                class="ant-modal-body"
              >
                <div
                  class="container"
                >
                  <div>
                    The system will run a red light operation for about two minutes to check if the connection is stable.
                  </div>
                  <div
                    aria-valuemax="100"
                    aria-valuemin="0"
                    aria-valuenow="100"
                    class="ant-progress ant-progress-status-success ant-progress-line ant-progress-line-align-end ant-progress-line-position-outer ant-progress-show-info ant-progress-default progress css-dev-only-do-not-override-hash"
                    role="progressbar"
                  >
                    <div
                      class="ant-progress-outer"
                      style="width: 100%;"
                    >
                      <div
                        class="ant-progress-inner"
                      >
                        <div
                          class="ant-progress-bg ant-progress-bg-outer"
                          style="width: 100%; height: 8px; --progress-percent: 1;"
                        />
                      </div>
                      <span
                        class="ant-progress-text ant-progress-text-end ant-progress-text-outer"
                      >
                        <span
                          aria-label="check-circle"
                          class="anticon anticon-check-circle"
                          role="img"
                        >
                          <svg
                            aria-hidden="true"
                            data-icon="check-circle"
                            fill="currentColor"
                            focusable="false"
                            height="1em"
                            viewBox="64 64 896 896"
                            width="1em"
                          >
                            <path
                              d="M512 64C264.6 64 64 264.6 64 512s200.6 448 448 448 448-200.6 448-448S759.4 64 512 64zm193.5 301.7l-210.6 292a31.8 31.8 0 01-51.7 0L318.5 484.9c-3.8-5.3 0-12.7 6.5-12.7h46.9c10.2 0 19.9 4.9 25.9 13.3l71.2 98.8 157.2-218c6-8.3 15.6-13.3 25.9-13.3H699c6.5 0 10.3 7.4 6.5 12.7z"
                            />
                          </svg>
                        </span>
                      </span>
                    </div>
                  </div>
                  <div>
                    <span
                      class="label"
                    >
                      Stability:
                    </span>
                    <span
                      class="bad"
                    >
                       
                      Very Low
                    </span>
                    <div
                      class="bad"
                    >
                      Stability is too low. It is recommended to replace the network adapter or power cable.
                    </div>
                  </div>
                </div>
                <div
                  class="footer"
                >
                  <button
                    class="ant-btn css-dev-only-do-not-override-hash ant-btn-default ant-btn-color-default ant-btn-variant-outlined"
                    type="button"
                  >
                    <span>
                      Cancel
                    </span>
                  </button>
                  <button
                    class="ant-btn css-dev-only-do-not-override-hash ant-btn-primary ant-btn-color-primary ant-btn-variant-solid"
                    type="button"
                  >
                    <span>
                      Restart Test
                    </span>
                  </button>
                </div>
              </div>
            </div>
          </div>
          <div
            style="width: 0px; height: 0px; overflow: hidden; outline: none;"
            tabindex="0"
          />
        </div>
      </div>
    </div>
  </div>
</body>
`;
