// Jest Snapshot v1, https://goo.gl/fbAQLP

exports[`should render correctly 1`] = `
<body>
  <div>
    <div>
      <div>
        DummyAlert 
        {"buttons":[{"label":"Yes","title":"Yes"},{"label":"No","title":"No"}],"caption":"Hello World","checkboxText":"Select","iconUrl":"https://www.flux3dp.com/icon.svg","id":"alert","message":"Yes or No"}
      </div>
      <div>
        DummyProgress 
        {"id":"progress","isProgress":true}
      </div>
    </div>
  </div>
</body>
`;
