// Jest Snapshot v1, https://goo.gl/fbAQLP

exports[`test Rotation should render correctly on desktop 1`] = `
<div>
  <div
    class="dimension"
  >
    <div
      class="label img"
    >
      <svgr-url />
    </div>
    <div
      class="input"
    >
      UnitInput: 
      rotate
      <p>
        precision: 
        2
      </p>
      <p>
        underline
      </p>
      <p>
        unit: 
        deg
      </p>
      <p>
        fireOnChange
      </p>
      <input
        id="rotate"
        value="0"
      />
    </div>
  </div>
</div>
`;

exports[`test Rotation should render correctly on mobile 1`] = `
<div>
  <div
    id="rotate"
  >
    rotate
    <div>
      0
    </div>
    <button
      type="button"
    />
  </div>
</div>
`;
