// Jest Snapshot v1, https://goo.gl/fbAQLP

exports[`test Calibration should render correctly 1`] = `
<body>
  <div />
  <div>
    <div
      class="ant-modal-root css-dev-only-do-not-override-hash"
    >
      <div
        class="ant-modal-mask"
      />
      <div
        class="ant-modal-wrap ant-modal-centered"
        tabindex="-1"
      >
        <div
          aria-labelledby="test-id"
          aria-modal="true"
          class="ant-modal css-dev-only-do-not-override-hash ant-zoom-appear ant-zoom-appear-prepare ant-zoom"
          role="dialog"
          style="width: 0px;"
        >
          <div
            style="outline: none;"
            tabindex="0"
          >
            <div
              class="react-draggable"
              style="min-width: 80vw; transform: translate(0px, 0px)translate(0px,0px);"
            >
              <div
                class="ant-modal-content"
              >
                <button
                  aria-label="Close"
                  class="ant-modal-close"
                  type="button"
                >
                  <span
                    class="ant-modal-close-x"
                  >
                    <span
                      aria-label="close"
                      class="anticon anticon-close ant-modal-close-icon"
                      role="img"
                    >
                      <svg
                        aria-hidden="true"
                        data-icon="close"
                        fill="currentColor"
                        fill-rule="evenodd"
                        focusable="false"
                        height="1em"
                        viewBox="64 64 896 896"
                        width="1em"
                      >
                        <path
                          d="M799.86 166.31c.02 0 .04.02.08.06l57.69 57.7c.04.03.05.05.06.08a.12.12 0 010 .06c0 .03-.02.05-.06.09L569.93 512l287.7 287.7c.04.04.05.06.06.09a.12.12 0 010 .07c0 .02-.02.04-.06.08l-57.7 57.69c-.03.04-.05.05-.07.06a.12.12 0 01-.07 0c-.03 0-.05-.02-.09-.06L512 569.93l-287.7 287.7c-.04.04-.06.05-.09.06a.12.12 0 01-.07 0c-.02 0-.04-.02-.08-.06l-57.69-57.7c-.04-.03-.05-.05-.06-.07a.12.12 0 010-.07c0-.03.02-.05.06-.09L454.07 512l-287.7-287.7c-.04-.04-.05-.06-.06-.09a.12.12 0 010-.07c0-.02.02-.04.06-.08l57.7-57.69c.03-.04.05-.05.07-.06a.12.12 0 01.07 0c.03 0 .05.02.09.06L512 454.07l287.7-287.7c.04-.04.06-.05.09-.06a.12.12 0 01.07 0z"
                        />
                      </svg>
                    </span>
                  </span>
                </button>
                <div
                  class="ant-modal-header"
                >
                  <div
                    class="ant-modal-title"
                    id="test-id"
                  >
                    <div
                      style="cursor: move; width: 100%;"
                    >
                      Camera Calibration
                    </div>
                  </div>
                </div>
                <div
                  class="ant-modal-body"
                >
                  <div
                    class="container"
                  >
                    <div
                      class="desc"
                    >
                      <div>
                        1. 
                        Please go to the machine control panel and press AF to perform autofocus.
                      </div>
                      <div>
                        2. 
                        Please move the chessboard paper or the laser head until the entire chessboard is confirmed to be within the red frame in the live preview window.
                      </div>
                      <div>
                        3. 
                        Right-click to download the checkerboard image at the current location and check its clarity.
                      </div>
                    </div>
                    <div
                      class="imgContainer"
                    >
                      <div
                        class="react-contextmenu-wrapper"
                      >
                        <img
                          alt="Chessboard"
                          src="mock-url"
                        />
                        <div
                          class="indicator"
                        />
                      </div>
                      <nav
                        class="react-contextmenu"
                        role="menu"
                        style="opacity: 0; pointer-events: none; position: fixed;"
                        tabindex="-1"
                      >
                        <div
                          aria-disabled="false"
                          class="react-contextmenu-item"
                          id="download"
                          role="menuitem"
                          tabindex="-1"
                        >
                          Download
                        </div>
                      </nav>
                    </div>
                    <div>
                      <h1>
                        Mock ExposureSlider
                      </h1>
                      <p>
                        min: 
                        250
                      </p>
                      <p>
                        max: 
                        650
                      </p>
                      <p>
                        step: 
                        1
                      </p>
                      <input
                        value="300"
                      />
                    </div>
                  </div>
                </div>
                <div
                  class="ant-modal-footer"
                >
                  <button
                    class="ant-btn css-dev-only-do-not-override-hash ant-btn-default ant-btn-color-default ant-btn-variant-outlined"
                    type="button"
                  >
                    <span>
                      Cancel
                    </span>
                  </button>
                  <button
                    class="ant-btn css-dev-only-do-not-override-hash ant-btn-primary ant-btn-color-primary ant-btn-variant-solid"
                    type="button"
                  >
                    <span>
                      Next
                    </span>
                  </button>
                </div>
              </div>
            </div>
          </div>
          <div
            style="width: 0px; height: 0px; overflow: hidden; outline: none;"
            tabindex="0"
          />
        </div>
      </div>
    </div>
  </div>
</body>
`;

exports[`test Calibration should render correctly 2`] = `
<body>
  <div />
  <div>
    <div
      class="ant-modal-root css-dev-only-do-not-override-hash"
    >
      <div
        class="ant-modal-mask"
      />
      <div
        class="ant-modal-wrap ant-modal-centered"
        tabindex="-1"
      >
        <div
          aria-labelledby="test-id"
          aria-modal="true"
          class="ant-modal css-dev-only-do-not-override-hash ant-zoom-appear ant-zoom-appear-prepare ant-zoom"
          role="dialog"
          style="width: 0px;"
        >
          <div
            style="outline: none;"
            tabindex="0"
          >
            <div
              class="react-draggable"
              style="min-width: 80vw; transform: translate(0px, 0px)translate(0px,0px);"
            >
              <div
                class="ant-modal-content"
              >
                <button
                  aria-label="Close"
                  class="ant-modal-close"
                  type="button"
                >
                  <span
                    class="ant-modal-close-x"
                  >
                    <span
                      aria-label="close"
                      class="anticon anticon-close ant-modal-close-icon"
                      role="img"
                    >
                      <svg
                        aria-hidden="true"
                        data-icon="close"
                        fill="currentColor"
                        fill-rule="evenodd"
                        focusable="false"
                        height="1em"
                        viewBox="64 64 896 896"
                        width="1em"
                      >
                        <path
                          d="M799.86 166.31c.02 0 .04.02.08.06l57.69 57.7c.04.03.05.05.06.08a.12.12 0 010 .06c0 .03-.02.05-.06.09L569.93 512l287.7 287.7c.04.04.05.06.06.09a.12.12 0 010 .07c0 .02-.02.04-.06.08l-57.7 57.69c-.03.04-.05.05-.07.06a.12.12 0 01-.07 0c-.03 0-.05-.02-.09-.06L512 569.93l-287.7 287.7c-.04.04-.06.05-.09.06a.12.12 0 01-.07 0c-.02 0-.04-.02-.08-.06l-57.69-57.7c-.04-.03-.05-.05-.06-.07a.12.12 0 010-.07c0-.03.02-.05.06-.09L454.07 512l-287.7-287.7c-.04-.04-.05-.06-.06-.09a.12.12 0 010-.07c0-.02.02-.04.06-.08l57.7-57.69c.03-.04.05-.05.07-.06a.12.12 0 01.07 0c.03 0 .05.02.09.06L512 454.07l287.7-287.7c.04-.04.06-.05.09-.06a.12.12 0 01.07 0z"
                        />
                      </svg>
                    </span>
                  </span>
                </button>
                <div
                  class="ant-modal-header"
                >
                  <div
                    class="ant-modal-title"
                    id="test-id"
                  >
                    <div
                      style="cursor: move; width: 100%;"
                    >
                      Camera Calibration
                    </div>
                  </div>
                </div>
                <div
                  class="ant-modal-body"
                >
                  <div
                    class="container"
                  >
                    <div
                      class="desc"
                    >
                      <div>
                        1. 
                        Please go to the machine control panel and press AF to perform autofocus.
                      </div>
                      <div>
                        2. 
                        Please move the chessboard paper or the laser head until the entire chessboard is confirmed to be within the red frame in the live preview window.
                      </div>
                      <div>
                        3. 
                        Right-click to download the checkerboard image at the current location and check its clarity.
                      </div>
                    </div>
                    <div
                      class="imgContainer"
                    >
                      <div
                        class="react-contextmenu-wrapper"
                      >
                        <img
                          alt="Chessboard"
                          src="mock-url"
                        />
                        <div
                          class="indicator"
                        />
                      </div>
                      <nav
                        class="react-contextmenu"
                        role="menu"
                        style="opacity: 0; pointer-events: none; position: fixed;"
                        tabindex="-1"
                      >
                        <div
                          aria-disabled="false"
                          class="react-contextmenu-item"
                          id="download"
                          role="menuitem"
                          tabindex="-1"
                        >
                          Download
                        </div>
                      </nav>
                    </div>
                    <div>
                      <h1>
                        Mock ExposureSlider
                      </h1>
                      <p>
                        min: 
                        250
                      </p>
                      <p>
                        max: 
                        650
                      </p>
                      <p>
                        step: 
                        1
                      </p>
                      <input
                        value="300"
                      />
                    </div>
                  </div>
                </div>
                <div
                  class="ant-modal-footer"
                >
                  <button
                    class="ant-btn css-dev-only-do-not-override-hash ant-btn-default ant-btn-color-default ant-btn-variant-outlined"
                    type="button"
                  >
                    <span>
                      Cancel
                    </span>
                  </button>
                  <button
                    class="ant-btn css-dev-only-do-not-override-hash ant-btn-primary ant-btn-color-primary ant-btn-variant-solid"
                    type="button"
                  >
                    <span>
                      Next
                    </span>
                  </button>
                </div>
              </div>
            </div>
          </div>
          <div
            style="width: 0px; height: 0px; overflow: hidden; outline: none;"
            tabindex="0"
          />
        </div>
      </div>
    </div>
  </div>
</body>
`;
