// Jest Snapshot v1, https://goo.gl/fbAQLP

exports[`test ConnectEthernet should render correctly in mac 1`] = `
<div>
  <div
    class="container"
  >
    <div
      class="top-bar"
    />
    <div
      class="btns"
    >
      <div
        class="btn"
      >
        Back
      </div>
      <div
        class="btn primary"
      >
        Next
      </div>
    </div>
    <div
      class="main"
    >
      <div
        class="image"
      >
        <div
          class="circle c1"
        />
        <img
          draggable="false"
          src="img/init-panel/icon-dual-cable.svg"
        />
        <div
          class="circle c2"
        />
      </div>
      <div
        class="text"
      >
        <div
          class="title"
        >
          Direct Connection
        </div>
        <div
          class="contents tutorial"
        >
          <div>
            1. Connect the machine with your computer with ethernet cable.
          </div>
          <div>
            2. Follow 
            <span
              class="link"
            >
              this guide
            </span>
             to make your comuter as a router.
          </div>
          <div>
            3. Click Next.
          </div>
        </div>
      </div>
    </div>
  </div>
</div>
`;

exports[`test ConnectEthernet should render correctly in win 1`] = `
<div>
  <div
    class="container"
  >
    <div
      class="top-bar"
    />
    <div
      class="btns"
    >
      <div
        class="btn"
      >
        Back
      </div>
      <div
        class="btn primary"
      >
        Next
      </div>
    </div>
    <div
      class="main"
    >
      <div
        class="image"
      >
        <div
          class="circle c1"
        />
        <img
          draggable="false"
          src="img/init-panel/icon-dual-cable.svg"
        />
        <div
          class="circle c2"
        />
      </div>
      <div
        class="text"
      >
        <div
          class="title"
        >
          Direct Connection
        </div>
        <div
          class="contents tutorial"
        >
          <div>
            1. Connect the machine with your computer with ethernet cable.
          </div>
          <div>
            2. Follow 
            <span
              class="link"
            >
              this guide
            </span>
             to make your comuter as a router.
          </div>
          <div>
            3. Click Next.
          </div>
        </div>
      </div>
    </div>
  </div>
</div>
`;
