// Jest Snapshot v1, https://goo.gl/fbAQLP

exports[`test ConnectUsb should render correctly 1`] = `
<div>
  <div
    class="container"
  >
    <div
      class="top-bar"
    />
    <div
      class="btns"
    >
      <div
        class="btn"
      >
        Back
      </div>
      <div
        class="btn primary"
      >
        Next
      </div>
    </div>
    <div
      class="main"
    >
      <div
        class="image"
      >
        <div
          class="circle c1"
        />
        <img
          draggable="false"
          src="img/init-panel/icon-usb-cable.svg"
        />
        <div
          class="circle c2"
        />
      </div>
      <div
        class="text"
      >
        <div
          class="title"
        >
          USB Connection
        </div>
        <div
          class="contents tutorial"
        >
          <div
            class="subtitle"
          >
            Ador
          </div>
          <div
            class="contents"
          >
            <div>
              1
              . 
              Turn off the machine.
            </div>
            <div>
              2
              . 
              Connect the machine with your computer with USB cable.
            </div>
            <div>
              3
              . 
              Turn on the machine.
            </div>
            <div>
              4
              . 
              Wait for the machine to turn on.
            </div>
          </div>
        </div>
      </div>
    </div>
  </div>
</div>
`;
