// Jest Snapshot v1, https://goo.gl/fbAQLP

exports[`should render correctly 1`] = `
<div>
  <div
    class="initialization"
  >
    <div
      class="home text-center"
    >
      <img
        class="brand-image"
        src="img/menu/main_logo.svg"
      />
      <div>
        <h1
          class="headline"
        >
          Select Language
        </h1>
        <div
          class="language"
        >
          <select
            id="select-lang"
          >
            <option
              label="Czech"
              value="cs"
            >
              Czech
            </option>
            <option
              label="Dansk"
              value="da"
            >
              Dansk
            </option>
            <option
              label="Deutsch"
              value="de"
            >
              Deutsch
            </option>
            <option
              label="Ελληνικά"
              value="el"
            >
              Ελληνικά
            </option>
            <option
              label="English"
              value="en"
            >
              English
            </option>
            <option
              label="Español"
              value="es"
            >
              Español
            </option>
            <option
              label="Suomi"
              value="fi"
            >
              Suomi
            </option>
            <option
              label="Français"
              value="fr"
            >
              Français
            </option>
            <option
              label="Bahasa Indonesia"
              value="id"
            >
              Bahasa Indonesia
            </option>
            <option
              label="Italiano"
              value="it"
            >
              Italiano
            </option>
            <option
              label="日本語"
              value="ja"
            >
              日本語
            </option>
            <option
              label="한국어"
              value="kr"
            >
              한국어
            </option>
            <option
              label="Melayu"
              value="ms"
            >
              Melayu
            </option>
            <option
              label="Nederlands"
              value="nl"
            >
              Nederlands
            </option>
            <option
              label="Norsk"
              value="no"
            >
              Norsk
            </option>
            <option
              label="Polski"
              value="pl"
            >
              Polski
            </option>
            <option
              label="Português"
              value="pt"
            >
              Português
            </option>
            <option
              label="Svenska"
              value="se"
            >
              Svenska
            </option>
            <option
              label="ภาษาไทย"
              value="th"
            >
              ภาษาไทย
            </option>
            <option
              label="Tiếng Việt"
              value="vi"
            >
              Tiếng Việt
            </option>
            <option
              label="简体中文"
              value="zh-cn"
            >
              简体中文
            </option>
            <option
              label="繁體中文"
              value="zh-tw"
            >
              繁體中文
            </option>
          </select>
        </div>
        <div>
          <a
            class="btn btn-action btn-large"
            href="#initialize/connect/flux-id-login"
          >
            Next
          </a>
        </div>
      </div>
    </div>
  </div>
</div>
`;
