// Jest Snapshot v1, https://goo.gl/fbAQLP

exports[`should render correctly 1`] = `
<div>
  <div
    class="dialog-container flux"
  >
    <div>
      Hello World
    </div>
    <span>
      Hello Flux
    </span>
  </div>
</div>
`;
